#-----------------------------------------------------------
# Vivado v2018.2 (64-bit)
# SW Build 2258646 on Thu Jun 14 20:03:12 MDT 2018
# IP Build 2256618 on Thu Jun 14 22:10:49 MDT 2018
# Start of session at: Sat Sep 14 01:08:06 2024
# Process ID: 23256
# Current directory: C:/Users/1/Desktop/7sem/UPTSU/project_2_new
# Command line: vivado.exe -gui_launcher_event rodinguilauncherevent18872 C:\Users\1\Desktop\7sem\UPTSU\project_2_new\project_2_new.xpr
# Log file: C:/Users/1/Desktop/7sem/UPTSU/project_2_new/vivado.log
# Journal file: C:/Users/1/Desktop/7sem/UPTSU/project_2_new\vivado.jou
#-----------------------------------------------------------
start_gui
open_project C:/Users/1/Desktop/7sem/UPTSU/project_2_new/project_2_new.xpr
update_compile_order -fileset sources_1
update_compile_order -fileset sim_1
update_compile_order -fileset sim_1
launch_simulation
source SUDCWORAM3SO_SN74LS697_testbench.tcl
config_webtalk -user on
close_sim
set_property -name {xsim.simulate.runtime} -value {100000ns} -objects [get_filesets sim_1]
update_ip_catalog
update_ip_catalog
launch_simulation
source SUDCWORAM3SO_SN74LS697_testbench.tcl
add_force {/SUDCWORAM3SO_SN74LS697_testbench/Qa} -radix hex {1 0ns}
add_force {/SUDCWORAM3SO_SN74LS697_testbench/Qb} -radix hex {1 0ns}
add_force {/SUDCWORAM3SO_SN74LS697_testbench/Qc} -radix hex {0 0ns}
add_force {/SUDCWORAM3SO_SN74LS697_testbench/Qd} -radix hex {0 0ns}
add_force {/SUDCWORAM3SO_SN74LS697_testbench/not_RCO} -radix hex {0 0ns}
close_sim
launch_simulation
source SUDCWORAM3SO_SN74LS697_testbench.tcl
close_sim
